// Jest Snapshot v1, https://goo.gl/fbAQLP

exports[`NotFound component without props should match snapshot 1`] = `
<div>
  NotFound
</div>
`;
