// Jest Snapshot v1, https://goo.gl/fbAQLP

exports[`Home component without props should match snapshot 1`] = `
<Home>
  <div
    className="home-page-container"
  >
    <img
      alt="logo"
      src="Wikipedia-logo.png"
    />
    <Container>
      <Autocomplete
        articles={Array []}
        onSearchChange={[Function]}
        searchVal=""
      >
        <Autocomplete
          autoHighlight={true}
          getItemValue={[Function]}
          inputProps={
            Object {
              "placeholder": "Enter search term...",
            }
          }
          isItemSelectable={[Function]}
          items={Array []}
          menuStyle={
            Object {
              "background": "rgba(255, 255, 255, 0.9)",
              "borderRadius": "3px",
              "boxShadow": "0 2px 12px rgba(0, 0, 0, 0.1)",
              "fontSize": "90%",
              "maxHeight": "50%",
              "overflow": "auto",
              "padding": "2px 0",
              "position": "fixed",
            }
          }
          onChange={[Function]}
          onMenuVisibilityChange={[Function]}
          onSelect={[Function]}
          renderInput={[Function]}
          renderItem={[Function]}
          renderMenu={[Function]}
          selectOnBlur={false}
          value=""
          wrapperProps={Object {}}
          wrapperStyle={
            Object {
              "display": "inline-block",
            }
          }
        >
          <div
            style={
              Object {
                "display": "inline-block",
              }
            }
          >
            <input
              aria-autocomplete="list"
              aria-expanded={false}
              autoComplete="off"
              className="input-field"
              onBlur={[Function]}
              onChange={[Function]}
              onClick={[Function]}
              onFocus={[Function]}
              onKeyDown={[Function]}
              placeholder="Enter search term..."
              role="combobox"
              value=""
            />
          </div>
        </Autocomplete>
      </Autocomplete>
    </Container>
  </div>
</Home>
`;
